Archive member included to satisfy reference by file (symbol)

libc.a(start.o)               (_start)
libc.a(init.o)                libc.a(start.o) (__init)
libc.a(mem_alloc.o)           malloc_test.o (my_malloc)
libc.a(stdio.o)               libc.a(init.o) (console)
libc.a(console.o)             libc.a(stdio.o) (Console::vprintf(char const*, char*))
libc.a(console_kernel.o)      libc.a(stdio.o) (vtable for Console_kernel)

Discarded input sections

 .group         0x00000000        0x8 malloc_test.o
 .data          0x00000000        0x0 malloc_test.o
 .bss           0x00000000        0x0 malloc_test.o
 .note.GNU-stack
                0x00000000        0x0 malloc_test.o
 .eh_frame      0x00000000       0x50 malloc_test.o
 .data          0x00000000        0x0 libc.a(start.o)
 .bss           0x00000000        0x0 libc.a(start.o)
 .note.GNU-stack
                0x00000000        0x0 libc.a(start.o)
 .group         0x00000000        0x8 libc.a(init.o)
 .data          0x00000000        0x0 libc.a(init.o)
 .bss           0x00000000        0x0 libc.a(init.o)
 .text.__x86.get_pc_thunk.bx
                0x00000000        0x4 libc.a(init.o)
 .note.GNU-stack
                0x00000000        0x0 libc.a(init.o)
 .eh_frame      0x00000000       0x58 libc.a(init.o)
 .group         0x00000000        0x8 libc.a(mem_alloc.o)
 .group         0x00000000        0x8 libc.a(mem_alloc.o)
 .data          0x00000000        0x0 libc.a(mem_alloc.o)
 .text.__x86.get_pc_thunk.bx
                0x00000000        0x4 libc.a(mem_alloc.o)
 .note.GNU-stack
                0x00000000        0x0 libc.a(mem_alloc.o)
 .eh_frame      0x00000000       0xc0 libc.a(mem_alloc.o)
 .group         0x00000000        0x8 libc.a(stdio.o)
 .group         0x00000000        0xc libc.a(stdio.o)
 .group         0x00000000        0x8 libc.a(stdio.o)
 .group         0x00000000        0x8 libc.a(stdio.o)
 .data          0x00000000        0x0 libc.a(stdio.o)
 .text.__x86.get_pc_thunk.bx
                0x00000000        0x4 libc.a(stdio.o)
 .note.GNU-stack
                0x00000000        0x0 libc.a(stdio.o)
 .eh_frame      0x00000000       0xe0 libc.a(stdio.o)
 .group         0x00000000        0x8 libc.a(console.o)
 .group         0x00000000        0x8 libc.a(console.o)
 .group         0x00000000        0x8 libc.a(console.o)
 .data          0x00000000        0x0 libc.a(console.o)
 .bss           0x00000000        0x0 libc.a(console.o)
 .text.__x86.get_pc_thunk.ax
                0x00000000        0x4 libc.a(console.o)
 .text.__x86.get_pc_thunk.di
                0x00000000        0x4 libc.a(console.o)
 .note.GNU-stack
                0x00000000        0x0 libc.a(console.o)
 .eh_frame      0x00000000       0xfc libc.a(console.o)
 .group         0x00000000        0xc libc.a(console_kernel.o)
 .data          0x00000000        0x0 libc.a(console_kernel.o)
 .bss           0x00000000        0x0 libc.a(console_kernel.o)
 .note.GNU-stack
                0x00000000        0x0 libc.a(console_kernel.o)
 .eh_frame      0x00000000       0x58 libc.a(console_kernel.o)

Memory Configuration

Name             Origin             Length             Attributes
*default*        0x00000000         0xffffffff

Linker script and memory map

                0xc0000000                        stack_top = 0xc0000000
                0x00001000                        . = 0x1000
                0x00001074                        . = (. + SIZEOF_HEADERS)

.text           0x00001080      0x8de
 *(.text*)
 .text          0x00001080       0x33 malloc_test.o
                0x00001080                main
 .text.__x86.get_pc_thunk.bx
                0x000010b3        0x4 malloc_test.o
                0x000010b3                __x86.get_pc_thunk.bx
 .text          0x000010b7       0x11 libc.a(start.o)
                0x000010b7                _start
 .text          0x000010c8       0x55 libc.a(init.o)
                0x000010c8                __init
 .text          0x0000111d      0x1bd libc.a(mem_alloc.o)
                0x00001130                my_malloc
                0x0000120c                my_free
 .text.__x86.get_pc_thunk.di
                0x000012da        0x4 libc.a(mem_alloc.o)
                0x000012da                __x86.get_pc_thunk.di
 .text          0x000012de       0xeb libc.a(stdio.o)
                0x00001314                panic
                0x00001345                __printf
                0x00001345                printf
                0x0000139a                puts
                0x000013c1                __cxa_pure_virtual
 *fill*         0x000013c9        0x1 
 .text._ZN8Spinlock4lockEv
                0x000013ca       0x19 libc.a(stdio.o)
                0x000013ca                Spinlock::lock()
 .text.__x86.get_pc_thunk.ax
                0x000013e3        0x4 libc.a(stdio.o)
                0x000013e3                __x86.get_pc_thunk.ax
 *fill*         0x000013e7        0x9 
 .text          0x000013f0      0x4a8 libc.a(console.o)
                0x000013f0                Console::print_number(unsigned long long, unsigned int, unsigned int, unsigned int)
                0x000015c4                Console::vprintf(char const*, char*)
 .text._ZN7Console9print_strEPKcjj
                0x00001898       0x62 libc.a(console.o)
                0x00001898                Console::print_str(char const*, unsigned int, unsigned int)
 *fill*         0x000018fa        0x6 
 .text          0x00001900       0x5e libc.a(console_kernel.o)
                0x00001928                Console_kernel::putc(int)

.iplt           0x0000195e        0x0
 .iplt          0x0000195e        0x0 malloc_test.o

.eh_frame_hdr   0x00001960        0x0
 .eh_frame_hdr  0x00001960        0x0 malloc_test.o

.rel.dyn        0x00001960        0x0
 .rel.got       0x00001960        0x0 malloc_test.o
 .rel.iplt      0x00001960        0x0 malloc_test.o
 .rel.text      0x00001960        0x0 malloc_test.o
 .rel.data.rel.ro._ZTV7Console
                0x00001960        0x0 malloc_test.o

.init_array     0x00001960      0x6a0
                0x00001960                        PROVIDE (CTORS_L = .)
 *(.init_array.65534 .ctors.00001)
                0x00001960                        PROVIDE (CTORS_G = .)
 *(.init_array.* .ctors.*)
 .init_array.00101
                0x00001960        0x4 libc.a(stdio.o)
 *(.init_array .ctors)
                0x00001964                        PROVIDE (CTORS_E = .)
                0x00002000                        . = ALIGN (0x1000)
 *fill*         0x00001964      0x69c 
                0x00002000                        . = ALIGN (0x1000)

.data           0x00002000      0x188
                0x00002000        0x1 BYTE 0x42
 *(.rodata*)
 .rodata.str1.1
                0x00002001       0x15 libc.a(stdio.o)
                                  0x4 (size before relaxing)
 .rodata.str1.1
                0x00002016       0x11 libc.a(console.o)
 *fill*         0x00002016        0x2 
 .rodata        0x00002018      0x158 libc.a(console.o)
 *(.data*)
 .data.rel.ro._ZTV7Console
                0x00002170        0xc libc.a(stdio.o)
                0x00002170                vtable for Console
 .data.rel.ro.local._ZTV14Console_kernel
                0x0000217c        0xc libc.a(console_kernel.o)
                0x0000217c                vtable for Console_kernel

.got            0x00002188        0x0
 .got           0x00002188        0x0 malloc_test.o

.got.plt        0x00002188        0xc
 .got.plt       0x00002188        0xc malloc_test.o
                0x00002188                _GLOBAL_OFFSET_TABLE_

.igot.plt       0x00002194        0x0
 .igot.plt      0x00002194        0x0 malloc_test.o

.bss            0x000021a0       0xb0
 *(.bss*)
 .bss           0x000021a0        0x8 libc.a(mem_alloc.o)
 *fill*         0x000021a8       0x18 
 .bss           0x000021c0       0x90 libc.a(stdio.o)
                0x000021c0                printf_lock
                0x000021e0                console
                [!provide]                        PROVIDE (BSS_E = .)

.stab
 *(.stab)

.stabstr
 *(.stabstr)

.stab.excl
 *(.stab.excl)

.stab.exclstr
 *(.stab.exclstr)

.stab.index
 *(.stab.index)

.stab.indexstr
 *(.stab.indexstr)

.comment        0x00000000       0x2b
 *(.comment)
 .comment       0x00000000       0x2b malloc_test.o
                                 0x2c (size before relaxing)
 .comment       0x0000002b       0x2c libc.a(init.o)
 .comment       0x0000002b       0x2c libc.a(mem_alloc.o)
 .comment       0x0000002b       0x2c libc.a(stdio.o)
 .comment       0x0000002b       0x2c libc.a(console.o)
 .comment       0x0000002b       0x2c libc.a(console_kernel.o)

.debug
 *(.debug)

.line
 *(.line)

.debug_srcinfo
 *(.debug_srcinfo)

.debug_sfnames
 *(.debug_sfnames)

.debug_aranges  0x00000000       0xf0
 *(.debug_aranges)
 .debug_aranges
                0x00000000       0x20 malloc_test.o
 .debug_aranges
                0x00000020       0x20 libc.a(start.o)
 .debug_aranges
                0x00000040       0x20 libc.a(init.o)
 .debug_aranges
                0x00000060       0x20 libc.a(mem_alloc.o)
 .debug_aranges
                0x00000080       0x28 libc.a(stdio.o)
 .debug_aranges
                0x000000a8       0x28 libc.a(console.o)
 .debug_aranges
                0x000000d0       0x20 libc.a(console_kernel.o)

.debug_pubnames
 *(.debug_pubnames)

.debug_info     0x00000000     0x1640
 *(.debug_info .gnu.linkonce.wi.*)
 .debug_info    0x00000000       0xab malloc_test.o
 .debug_info    0x000000ab       0x24 libc.a(start.o)
 .debug_info    0x000000cf      0x16b libc.a(init.o)
 .debug_info    0x0000023a      0x2d3 libc.a(mem_alloc.o)
 .debug_info    0x0000050d      0x7f9 libc.a(stdio.o)
 .debug_info    0x00000d06      0x619 libc.a(console.o)
 .debug_info    0x0000131f      0x321 libc.a(console_kernel.o)

.debug_abbrev   0x00000000      0xb8b
 *(.debug_abbrev)
 .debug_abbrev  0x00000000       0x9a malloc_test.o
 .debug_abbrev  0x0000009a       0x14 libc.a(start.o)
 .debug_abbrev  0x000000ae       0xf9 libc.a(init.o)
 .debug_abbrev  0x000001a7      0x156 libc.a(mem_alloc.o)
 .debug_abbrev  0x000002fd      0x404 libc.a(stdio.o)
 .debug_abbrev  0x00000701      0x27a libc.a(console.o)
 .debug_abbrev  0x0000097b      0x210 libc.a(console_kernel.o)

.debug_line     0x00000000      0xa32
 *(.debug_line .debug_line.* .debug_line_end)
 .debug_line    0x00000000       0x60 malloc_test.o
 .debug_line    0x00000060       0x4a libc.a(start.o)
 .debug_line    0x000000aa       0xda libc.a(init.o)
 .debug_line    0x00000184      0x2ad libc.a(mem_alloc.o)
 .debug_line    0x00000431      0x161 libc.a(stdio.o)
 .debug_line    0x00000592      0x3ed libc.a(console.o)
 .debug_line    0x0000097f       0xb3 libc.a(console_kernel.o)

.debug_frame
 *(.debug_frame)

.debug_str      0x00000000      0x7f7
 *(.debug_str)
 .debug_str     0x00000000      0x7f7 malloc_test.o
                                 0xb5 (size before relaxing)
 .debug_str     0x000007f7       0xa5 libc.a(start.o)
 .debug_str     0x000007f7      0x189 libc.a(init.o)
 .debug_str     0x000007f7      0x19c libc.a(mem_alloc.o)
 .debug_str     0x000007f7      0x57c libc.a(stdio.o)
 .debug_str     0x000007f7      0x2ca libc.a(console.o)
 .debug_str     0x000007f7      0x29e libc.a(console_kernel.o)

.debug_loc
 *(.debug_loc)

.debug_macinfo
 *(.debug_macinfo)

.debug_weaknames
 *(.debug_weaknames)

.debug_funcnames
 *(.debug_funcnames)

.debug_typenames
 *(.debug_typenames)

.debug_varnames
 *(.debug_varnames)

.debug_pubtypes
 *(.debug_pubtypes)

.debug_ranges
 *(.debug_ranges)

.debug_macro
 *(.debug_macro)

.debug_addr
 *(.debug_addr)

.gnu.attributes
 *(.gnu.attributes)

/DISCARD/
 *(.note.GNU-stack)
 *(.gnu_debuglink)
 *(.gnu.lto_*)
LOAD malloc_test.o
LOAD libc.a
OUTPUT(malloc_test elf32-i386)

.debug_loclists
                0x00000000      0x722
 .debug_loclists
                0x00000000       0x14 malloc_test.o
 .debug_loclists
                0x00000014       0x38 libc.a(init.o)
 .debug_loclists
                0x0000004c      0x1c3 libc.a(mem_alloc.o)
 .debug_loclists
                0x0000020f       0xc0 libc.a(stdio.o)
 .debug_loclists
                0x000002cf      0x3ba libc.a(console.o)
 .debug_loclists
                0x00000689       0x99 libc.a(console_kernel.o)

.debug_line_str
                0x00000000      0x188
 .debug_line_str
                0x00000000      0x188 malloc_test.o
                                0x154 (size before relaxing)
 .debug_line_str
                0x00000188       0x99 libc.a(start.o)
 .debug_line_str
                0x00000188      0x15c libc.a(init.o)
 .debug_line_str
                0x00000188      0x13e libc.a(mem_alloc.o)
 .debug_line_str
                0x00000188      0x1b8 libc.a(stdio.o)
 .debug_line_str
                0x00000188      0x18e libc.a(console.o)
 .debug_line_str
                0x00000188      0x1ad libc.a(console_kernel.o)

.debug_rnglists
                0x00000000       0x70
 .debug_rnglists
                0x00000000       0x2f libc.a(mem_alloc.o)
 .debug_rnglists
                0x0000002f       0x1a libc.a(stdio.o)
 .debug_rnglists
                0x00000049       0x27 libc.a(console.o)
